
> ngan-ha-web-booking@0.1.0 build
> next build

   Γû▓ Next.js 15.5.14
   - Environments: .env.local

   Creating an optimized production build ...
 Γ£ô Compiled successfully in 2.4s
   Skipping linting
   Checking validity of types ...
node.exe : Failed to compile.
At line:1 char:1
+ & "C:\Program Files\nodejs/node.exe" "C:\Program Files\nodejs/node_mo ...
+ ~~~~~~~~~~~~~~~~~~~~~~~~~~~~~~~~~~~~~~~~~~~~~~~~~~~~~~~~~~~~~~~~~~~~~
    + CategoryInfo          : NotSpecified: (Failed to compile.:String) [], RemoteException
    + FullyQualifiedErrorId : NativeCommandError
 

./src/components/Menu/Standard/ServiceList.tsx:143:77
Type error: Type '{ hidden: { opacity: number; y: number; scale: number; }; visible: { opacity: number; y: number; 
scale: number; transition: { duration: number; ease: number[]; }; }; }' is not assignable to type 'Variants'.
  Property 'visible' is incompatible with index signature.
    Type '{ opacity: number; y: number; scale: number; transition: { duration: number; ease: number[]; }; }' is not 
assignable to type 'Variant'.
      Type '{ opacity: number; y: number; scale: number; transition: { duration: number; ease: number[]; }; }' is not 
assignable to type 'TargetAndTransition'.
        Type '{ opacity: number; y: number; scale: number; transition: { duration: number; ease: number[]; }; }' is 
not assignable to type '{ transition?: Transition<any> | undefined; transitionEnd?: ResolvedValues$1 | undefined; }'.
          Types of property 'transition' are incompatible.
            Type '{ duration: number; ease: number[]; }' is not assignable to type 'Transition<any> | undefined'.
              Type '{ duration: number; ease: number[]; }' is not assignable to type 
'TransitionWithValueOverrides<any>'.
                Type '{ duration: number; ease: number[]; }' is not assignable to type 'ValueAnimationTransition<any>'.
                  Types of property 'ease' are incompatible.
                    Type 'number[]' is not assignable to type 'Easing | Easing[] | undefined'.
                      Type 'number[]' is not assignable to type 'EasingFunction | Easing[]'.
                        Type 'number[]' is not assignable to type 'Easing[]'.
                          Type 'number' is not assignable to type 'Easing'.

[0m [90m 141 |[39m
 [90m 142 |[39m                                     [36mreturn[39m (
[31m[1m>[22m[39m[90m 143 |[39m                                         [33m<[39m[33mmotion[39m[33m.[39mdiv 
key[33m=[39m{representative[33m.[39mid} variants[33m=[39m{gridItemVariants}[33m>[39m
 [90m     |[39m                                                                             [31m[1m^[22m[39m
 [90m 144 |[39m                                             [33m<[39m[33mServiceItem[39m
 [90m 145 |[39m                                                 service[33m=[39m{representative} [90m// Chß╗ë 
cß║ºn truyß╗ün th├┤ng tin ─æß║íi diß╗çn (T├¬n, ß║ónh)[39m
 [90m 146 |[39m                                                 quantity[33m=[39m{totalQty}[0m
Next.js build worker exited with code: 1 and signal: null
